[TEST SUITE] Nexus 58 Black - Tier Ω9

[PASS] Sensor Data Injection and Integrity
[PASS] Identity Scan: {'user_id': 'COSRL_3209', 'verified': False, 'confidence': 0.1}
[PASS] Disintegration Beam: {'effect': 'matter_unraveled', 'magnitude': 0.9510565162951535, 'target': 'target_zone_001'}
[PASS] Compute Output: 1.23456789e+45
[PASS] Symbolic Crown Equation Generated
[PASS] Aircraft Design: {'model': 'drone', 'shape': 'delta wing', 'speed': '5.0 Mach', 'materials': ['carbon fiber', 'titanium']}
[PASS] Exosuit Build: {'armor': 'nano-fiber', 'power_source': 'mini fusion', 'stealth_coating': True, 'heads_up_display': 'AR with thermal/night vision', 'mobility_enhancer': 'servo-motors'}

[ALL TESTS PASSED] System Ready for DARPA Submission
